#-----------------------------------------------------------
# Vivado v2018.2 (64-bit)
# SW Build 2258646 on Thu Jun 14 20:03:12 MDT 2018
# IP Build 2256618 on Thu Jun 14 22:10:49 MDT 2018
# Start of session at: Wed Jul 11 12:23:49 2018
# Process ID: 10284
# Current directory: F:/design_a_computer
# Command line: vivado.exe -gui_launcher_event rodinguilauncherevent8520 F:\design_a_computer\LDR.xpr
# Log file: F:/design_a_computer/vivado.log
# Journal file: F:/design_a_computer\vivado.jou
#-----------------------------------------------------------
start_gui
open_project F:/design_a_computer/LDR.xpr
open_hw
connect_hw_server
disconnect_hw_server localhost:3121
connect_hw_server
open_hw_target
set_property PROGRAM.FILE {F:/design_a_computer/LDR.runs/impl_1/computer.bit} [get_hw_devices xc7a35t_0]
current_hw_device [get_hw_devices xc7a35t_0]
refresh_hw_device -update_hw_probes false [lindex [get_hw_devices xc7a35t_0] 0]
set_property PROBES.FILE {} [get_hw_devices xc7a35t_0]
set_property FULL_PROBES.FILE {} [get_hw_devices xc7a35t_0]
set_property PROGRAM.FILE {F:/design_a_computer/LDR.runs/impl_1/computer.bit} [get_hw_devices xc7a35t_0]
program_hw_devices [get_hw_devices xc7a35t_0]
refresh_hw_device [lindex [get_hw_devices xc7a35t_0] 0]
